// Jest Snapshot v1, https://goo.gl/fbAQLP

exports[`<Galleries/> renders correctly 1`] = `ShallowWrapper {}`;
