// Jest Snapshot v1, https://goo.gl/fbAQLP

exports[`<GalleryDetail/> renders correctly 1`] = `ShallowWrapper {}`;
